- definition: طلائى
- definition: طلايى
- definition: زرين
- definition: اعلا
- definition: درخشنده
