{
	"word": "golden",
	"definitions": [
		{
			"definition": "having the deep slightly brownish color of gold",
			"pos": "adjective"
		},
		{
			"definition": "marked by peace and prosperity",
			"pos": "adjective"
		},
		{
			"definition": "made from or covered with gold",
			"pos": "adjective"
		},
		{
			"definition": "supremely favored",
			"pos": "adjective"
		},
		{
			"definition": "suggestive of gold",
			"pos": "adjective"
		},
		{
			"definition": "presaging or likely to bring good luck or a good outcome",
			"pos": "adjective"
		}
	]
}